Using MDAnalysis version: 1.0.0

Atom selections analyzed have been written out to node_selections.txt
To recreate this analysis, run this line:
/home/rbdavid/Scripts/git/OpenFold-amber/helper_codes/restraints_from_xtal_structure/make_restraints.py make_restraints.config functions.py 

Parameters used:
file_location = '/home/rbdavid/Scripts/git/OpenFold-amber/Test_Suite/2ERL_example/2ERL.pdb'
dist_selection = 'name CA CB CG or (resname VAL ILE and name CG1) or (resname THR and name CG2) or (resname SER and name OG) or (resname CYS and name SG)'
dist_plus_minus = 1.0
dist_cutoff = 999.0
pair_type_list = '[['N', 'O'], ['CB', 'CB'], ['CA', 'CA'], ['CA', 'CG'], ['CA', 'CG1'], ['CA', 'CG2'], ['CA', 'OG'], ['CA', 'SG'], ['CG', 'CG'], ['CG', 'CG1'], ['CG', 'CG2'], ['CG', 'OG'], ['CG', 'SG'], ['CG1', 'CG1'], ['CG1', 'CG2'], ['CG1', 'OG'], ['CG1', 'SG'], ['CG2', 'CG2'], ['CG2', 'OG'], ['CG2', 'SG'], ['OG', 'OG'], ['OG', 'SG'], ['SG', 'SG']]'
dist_restraint_file_name = '8col.dist'
angl_selection = 'protein'
angl_plus_minus = 15.0
angl_restraint_file_name = '5col.angl'
summary_boolean = 'True'
nearest_neighbors_ignored = 2
create_fasta_file = 'True'
fasta_file_name = '.fasta'
